// Vitest Snapshot v1

exports[`simple calls work as expected 1`] = `
"Buffer.from output, \\"binary\\"
"
`;

exports[`simple calls work as expected 2 1`] = `
"res.writeHead(409, [headers.xInertiaLocation]: [req.url]).end()
"
`;

exports[`simple calls work as expected 3 1`] = `
"res.status(_statusCode).set({
	...req.headers
	..._headers
	\\"Content-Type\\": \\"text/html\\"
}).send html(_page, _viewData)
"
`;
